{"class":"'no spaces' is the class"}
{"class":"'spaces' is the class"}
