{"heading":["Heading1","Heading2","Heading3"],"paragraph":["Text1","Text2","Text3"]}
