{"class":"lower case attribute"}
{"class":"mixed case attribute"}
{"class":"upper case attribute"}
