{"t":"Something is happening! And you don't know what it is"}
