{"class":"empty1"}
{"class":"empty2"}
{"class":"empty3"}
{"class":"empty4"}
