{"content":"爱因斯坦，扮成罗宾汉 随着他在树干的回忆 一个小时前就这样过去了 随着他的朋友，一个嫉妒的和尚 他看上去是那么一尘不染可怕 当他早起床实在香烟 然后，他去了嗅探排水管 而背诵字母表 现在，你不会想看看他 但他成名已久以前 对于玩电小提琴 在荒凉行"}
