{"greedy1":"greedy1","greedy2":"greedy2","h":"h1","p":"p1"}
{"greedy1":["greedy1","greedy1"],"greedy2":"greedy2","h":"h1","p":"p1"}
