{"heading":"Heading 1","href":"one.html","title":"One"}
{"heading":"Heading 2","href":["two.html","three.html"],"title":["Two","Three"]}
{"heading":"Heading 3","href":"four.html","title":"Four"}
