{"body":["Line 1.1","Line 1.2",""],"title":"Link text 1"}
{"body":["","Line 2.2",""],"title":"Link text 2"}
