{"class":"word"}
{"class":"Word"}
{"class":"WoRd"}
{"class":"WORD"}
