{"html":"\n    <title>title</title>\n    <meta charset=\"utf-8\"/>\n  "}
