{"html":"<head>\n    <title>title</title>\n    <meta charset=\"utf-8\"/>\n  </head>\n  <body>\n    <div class=\"asd\">\n      <!-- comment -->\n      <img alt=\"test\" src=\"1.png\"/>\n    </div>\n  \n\n</body>"}
