{"html":"\n      <!-- comment -->\n      <img alt=\"test\" src=\"1.png\"/>\n    "}
