{"html":"\n    <div class=\"asd\">\n      <!-- comment -->\n      <img alt=\"test\" src=\"1.png\"/>\n    </div>\n  \n\n"}
