{"first_opt_span":"-span1","secnd_opt_span":"--span1","trd_manda_span":"---span1"}
