{"1_opti_span":"-span1","2_opti_span":["--span1","--span2 dupl"],"3_mand_span":["---span1","---span1 dupl"],"4_opti_span":"----span1"}
