{"inner_num":["1","2","3","4","5","6","7","8"],"num":"1"}
{"inner_num":["1","2","3","4","5","6","7","8"],"num":"2"}
{"inner_num":["1","2","3","4","5","6","7","8"],"num":"3"}
{"inner_num":["1","2","3","4","5","6","7","8"],"num":"4"}
{"inner_num":["1","2","3","4","5","6","7","8"],"num":"5"}
{"inner_num":["1","2","3","4","5","6","7","8"],"num":"6"}
{"inner_num":["1","2","3","4","5","6","7","8"],"num":"7"}
{"inner_num":["1","2","3","4","5","6","7","8"],"num":"8"}
