{"a_class":"first-a","div_class":"optional-div"}
{"a_class":"second-a"}
