{"class":"only-child div"}
{"class":"only-child span"}
