{"c":["4","5","3","2"]}
{"c":["8","9","7","6"]}
{"c":["13","14","12","11"]}
{"c":["17","18","16","15"]}
{"c":["22","23","21","20"]}
{"c":["26","27","25","24"]}
{"c":["30","31","29","28"]}
