{"video_url":"https://example.com/index.html"}
{"video_url":"https://example.com/posts.html"}
{"video_url":"https://example.com/guestbook.html"}
