{"link_title":["THIS SHOULD BE UPPERCASE","this should be lowercase"]}
{"link_title":["AND THIS SHOULD BE UPPERCASE","and this should be lowercase"]}
{"link_title":["UPPER","lower"]}
