{"author_href":"/authors/bob.html","author_img":"/images/authors/bob.jpg","author_name":"Bob"}
{"author_href":"/authors/alice.html","author_img":"/images/authors/alice.jpg","author_name":"Alice"}
{"author_href":"/authors/carol.html","author_img":"/images/authors/carol.jpg","author_name":"Carol"}
