{"user_id":"123"}
{"user_id":"234"}
{"user_id":"345"}
{"user_id":"4567"}
