{"head":"First heading (1)"}
{"head":"Second heading (2)"}
{"head":"Third heading (3)"}
{"head":"Fourth heading (4)"}
{"head":"Fifth heading (5)"}
