{"post":"Post: Foo"}
{"post":"Post: Bar"}
{"post":"Post: Foobar"}
{"post":"Post: Barfoo"}
