{"link_text":"This is a text inside this anchor"}
