{"title":"This is a foo ..and foo!"}
{"title":"This is a foo and a bar ..and foo!"}
