{"class":"yes1"}
{"class":"yes2"}
{"class":"yes3"}
{"class":"yes4"}
{"class":"yes5"}
