{"anchor":"anchor1","link":"link1"}
{"link":"link2"}
{"anchor":"anchor3","link":"link3"}
{"anchor":"","link":"link4"}
