{"post_id":"123"}
{"post_id":"234"}
{"post_id":"345"}
{"post_id":"4567"}
