{"nonum":" bottles of beer on the wall,  bottles of beer on the wall"}
