{"title":"Word"}
{"title":"Word"}
{"title":"Word"}
