{"image":"image.jpg"}
{"image":"inner-image.jpg"}
