{"h1_class":"heading1","p_class":"p1","time_class":"time1"}
{"h1_class":"heading2","p_class":"p2","time_class":"time2"}
{"h1_class":"heading3","p_class":"p3","time_class":"time3"}
{"h1_class":"heading4","p_class":"p4"}
{"h1_class":"heading5","p_class":"p5","time_class":"time5"}
