{"phone_nr":"012345689"}
{"phone_nr":"0"}
{"phone_nr":""}
