{"content":"First paragraph"}
{"content":"Second paragraph"}
{"content":"Third paragraph"}
