{"class":"This is the class: no spaces"}
{"class":"This is the class: spaces"}
