{"sentence":"So this is a sentence all over the place"}
