{"user_id":"22","user_name":"Bob"}
{"user_id":"23","user_name":"Alice"}
{"user_id":"24","user_name":"Tom"}
