{"text":"some more potato"}
{"text":"This is some potato"}
