{"x":["6","7","8","9","10"]}
{"x":["1","2","3","4"]}
{"x":"5"}
