{"txt":"Page 1"}
{"txt":"Page 2"}
{"txt":"Page 3"}
