{"class":"lower case tag"}
{"class":"mixed case tag"}
{"class":"upper case tag"}
