{" class ":"no spaces","trimmed content":"ome more conten"}
{" class ":"spaces","trimmed content":"This is some conten"}
